============================= test session starts =============================
platform win32 -- Python 3.9.7, pytest-8.4.2, pluggy-1.6.0
rootdir: C:\Users\hitech computer\OneDrive\Desktop\work\Antigravity Projects\market-sentiment-bot
plugins: anyio-3.5.0, dash-2.2.0
collected 0 items / 1 error

=================================== ERRORS ====================================
___________________ ERROR collecting tests/test_scraper.py ____________________
ImportError while importing test module 'C:\Users\hitech computer\OneDrive\Desktop\work\Antigravity Projects\market-sentiment-bot\tests\test_scraper.py'.
Hint: make sure your test modules/packages have valid Python names.
Traceback:
C:\Python3.9\lib\importlib\__init__.py:127: in import_module
    return _bootstrap._gcd_import(name[level:], package, level)
tests\test_scraper.py:2: in <module>
    from src.scraper import NewsScraper
E   ModuleNotFoundError: No module named 'src'
=========================== short test summary info ===========================
ERROR tests/test_scraper.py
!!!!!!!!!!!!!!!!!!! Interrupted: 1 error during collection !!!!!!!!!!!!!!!!!!!!
============================== 1 error in 0.67s ===============================
